Command: C:\Users\arthu\.espressif\python_env\idf5.5_py3.11_env\Scripts\python.exe C:\Users\arthu\esp\v5.5.1\esp-idf\tools/idf_monitor.py -p COM3 -b 115200 --toolchain-prefix xtensa-esp32-elf- --target esp32 --revision 0 C:\Users\arthu\Documents\RTS-Project\password_manager\build\password_manager.elf C:\Users\arthu\Documents\RTS-Project\password_manager\build\bootloader\bootloader.elf --force-color -m 'C:\Users\arthu\.espressif\python_env\idf5.5_py3.11_env\Scripts\python.exe' 'C:\Users\arthu\esp\v5.5.1\esp-idf\tools\idf.py'


rst:0x1 (POWERON_RESET),boot:0x13 (SPI_FAST_FLASH_BOOT)
configsip: 0, SPIWP:0xee
clk_drv:0x00,q_drv:0x00,d_drv:0x00,cs0_drv:0x00,hd_drv:0x00,wp_drv:0x00
mode:DIO, clock div:2
load:0x3fff0030ï¿½ets Jul 29 2019 12:21:46

rst:0x1 (POWERON_RESET),boot:0x13 (SPI_FAST_FLASH_BOOT)
configsip: 0, SPIWP:0xee
clk_drv:0x00,q_drv:0x00,d_drv:0x00,cs0_drv:0x00,hd_drv:0x00,wp_drv:0x00
mode:DIO, clock div:2
load:0x3fff0030,len:6380
ho 0 tail 12 room 4
load:0x40078000,len:15916
load:0x40080400,len:3860
entry 0x40080638
[0;32mI (29) boot: ESP-IDF v5.5.1 2nd stage bootloader[0m
[0;32mI (29) boot: compile time Nov 30 2025 01:29:46[0m
[0;32mI (29) boot: Multicore bootloader[0m
[0;32mI (31) boot: chip revision: v3.1[0m
[0;32mI (33) boot.esp32: SPI Speed      : 40MHz[0m
[0;32mI (37) boot.esp32: SPI Mode       : DIO[0m
[0;32mI (41) boot.esp32: SPI Flash Size : 4MB[0m
[0;32mI (44) boot: Enabling RNG early entropy source...[0m
[0;32mI (49) boot: Partition Table:[0m
[0;32mI (51) boot: ## Label            Usage          Type ST Offset   Length[0m
[0;32mI (58) boot:  0 nvs              WiFi data        01 02 00009000 00006000[0m
[0;32mI (64) boot:  1 phy_init         RF data          01 01 0000f000 00001000[0m
[0;32mI (71) boot:  2 factory          factory app      00 00 00010000 00100000[0m
[0;32mI (77) boot: End of partition table[0m
[0;32mI (81) esp_image: segment 0: paddr=00010020 vaddr=3f400020 size=0c404h ( 50180) map[0m
[0;32mI (105) esp_image: segment 1: paddr=0001c42c vaddr=3ffb0000 size=02480h (  9344) load[0m
[0;32mI (109) esp_image: segment 2: paddr=0001e8b4 vaddr=40080000 size=01764h (  5988) load[0m
[0;32mI (111) esp_image: segment 3: paddr=00020020 vaddr=400d0020 size=1837ch ( 99196) map[0m
[0;32mI (150) esp_image: segment 4: paddr=000383a4 vaddr=40081764 size=0d1b0h ( 53680) load[0m
[0;32mI (172) esp_image: segment 5: paddr=0004555c vaddr=50000000 size=00020h (    32) load[0m
[0;32mI (179) boot: Loaded app from partition at offset 0x10000[0m
[0;32mI (179) boot: Disabling RNG early entropy source...[0m
[0;32mI (190) cpu_start: Multicore app[0m
[0;32mI (198) cpu_start: Pro cpu start user code[0m
[0;32mI (198) cpu_start: cpu freq: 240000000 Hz[0m
[0;32mI (198) app_init: Application information:[0m
[0;32mI (198) app_init: Project name:     password_manager[0m
[0;32mI (203) app_init: App version:      4124696-dirty[0m
[0;32mI (207) app_init: Compile time:     Dec  1 2025 16:11:12[0m
[0;32mI (212) app_init: ELF file SHA256:  fab81042f...[0m
[0;32mI (217) app_init: ESP-IDF:          v5.5.1[0m
[0;32mI (221) efuse_init: Min chip rev:     v0.0[0m
[0;32mI (224) efuse_init: Max chip rev:     v3.99 [0m
[0;32mI (228) efuse_init: Chip rev:         v3.1[0m
[0;32mI (232) heap_init: Initializing. RAM available for dynamic allocation:[0m
[0;32mI (239) heap_init: At 3FFAE6E0 len 00001920 (6 KiB): DRAM[0m
[0;32mI (244) heap_init: At 3FFB2E50 len 0002D1B0 (180 KiB): DRAM[0m
[0;32mI (249) heap_init: At 3FFE0440 len 00003AE0 (14 KiB): D/IRAM[0m
[0;32mI (254) heap_init: At 3FFE4350 len 0001BCB0 (111 KiB): D/IRAM[0m
[0;32mI (260) heap_init: At 4008E914 len 000116EC (69 KiB): IRAM[0m
[0;33mW (266) spi_flash: Detected boya flash chip but using generic driver. For optimal functionality, enable `SPI_FLASH_SUPPORT_BOYA_CHIP` in menuconfig[0m
[0;32mI (278) spi_flash: detected chip: generic[0m
[0;32mI (282) spi_flash: flash io: dio[0m
[0;33mW (285) i2c: This driver is an old driver, please migrate your application code to adapt `driver/i2c_master.h`[0m
[0;32mI (295) main_task: Started on CPU0[0m
[0;32mI (305) main_task: Calling app_main()[0m


=== INICIANDO SISTEMA DE SENHA I2C/SERVO ===
--- [DEBUG GERAL] Sistema Iniciado. Aguardando input no Botao...
[0;32mI (305) main_task: Returned from app_main()[0m
--- [DEBUG BOTAO] Pressionado (Down)
--- [DEBUG BOTAO] Solto. Duracao: 110 ms
>>> [DEBUG BOTAO] Detectado: CURTO. Acumulado: 1
>>> [DEBUG BOTAO] Pacote fechado: 1 clique(s) curto(s).
--- [DEBUG LOGICA] Processando Clique Tipo: 1 (1=Curto, 2=Duplo, 3=Longo)
--- [DEBUG LOGICA] Erro: Tentativa de acesso sem senha definida.
--- [DEBUG BOTAO] Pressionado (Down)
>>> [DEBUG BOTAO] Segurou 5 segundos!
--- [DEBUG ESTADO] Indo para Definir Nova (Sem senha previa).
--- [DEBUG LOGICA] Resetando buffers de entrada.
--- [DEBUG BOTAO] Pressionado (Down)
--- [DEBUG BOTAO] Solto. Duracao: 110 ms
>>> [DEBUG BOTAO] Detectado: CURTO. Acumulado: 1
>>> [DEBUG BOTAO] Pacote fechado: 1 clique(s) curto(s).
--- [DEBUG LOGICA] Processando Clique Tipo: 1 (1=Curto, 2=Duplo, 3=Longo)
--- [DEBUG LOGICA] Iniciando timer de tentativa global.
--- [DEBUG LOGICA] Digito registrado na posicao 0. Total: 1
--- [DEBUG BOTAO] Pressionado (Down)
--- [DEBUG BOTAO] Solto. Duracao: 1310 ms
>>> [DEBUG BOTAO] Detectado: LONGO
--- [DEBUG LOGICA] Processando Clique Tipo: 3 (1=Curto, 2=Duplo, 3=Longo)
--- [DEBUG LOGICA] Digito registrado na posicao 1. Total: 2
--- [DEBUG TIMEOUT] Fim da digitacao detectado (2.5s sem clique).
--- [DEBUG LOGICA] Finalizando Entrada. Modo Atual: 2
--- [DEBUG LOGICA] Erro: Senha muito curta (2 digitos)
--- [DEBUG LOGICA] Resetando buffers de entrada.
--- [DEBUG LOGICA] Abortando criaÃ§Ã£o de senha. Voltando ao inicio.
--- [DEBUG BOTAO] Pressionado (Down)
--- [DEBUG BOTAO] Solto. Duracao: 100 ms
>>> [DEBUG BOTAO] Detectado: CURTO. Acumulado: 1
>>> [DEBUG BOTAO] Pacote fechado: 1 clique(s) curto(s).
--- [DEBUG LOGICA] Processando Clique Tipo: 1 (1=Curto, 2=Duplo, 3=Longo)
--- [DEBUG LOGICA] Erro: Tentativa de acesso sem senha definida.
--- [DEBUG BOTAO] Pressionado (Down)
>>> [DEBUG BOTAO] Segurou 5 segundos!
--- [DEBUG ESTADO] Indo para Definir Nova (Sem senha previa).
--- [DEBUG LOGICA] Resetando buffers de entrada.
--- [DEBUG BOTAO] Pressionado (Down)
--- [DEBUG BOTAO] Solto. Duracao: 80 ms
>>> [DEBUG BOTAO] Detectado: CURTO. Acumulado: 1
>>> [DEBUG BOTAO] Pacote fechado: 1 clique(s) curto(s).
--- [DEBUG LOGICA] Processando Clique Tipo: 1 (1=Curto, 2=Duplo, 3=Longo)
--- [DEBUG LOGICA] Iniciando timer de tentativa global.
--- [DEBUG LOGICA] Digito registrado na posicao 0. Total: 1
--- [DEBUG BOTAO] Pressionado (Down)
--- [DEBUG BOTAO] Solto. Duracao: 10 ms
>>> [DEBUG BOTAO] Detectado: CURTO. Acumulado: 1
--- [DEBUG BOTAO] Pressionado (Down)
--- [DEBUG BOTAO] Solto. Duracao: 70 ms
>>> [DEBUG BOTAO] Detectado: CURTO. Acumulado: 2
>>> [DEBUG BOTAO] Pacote fechado: 2 clique(s) curto(s).
--- [DEBUG LOGICA] Processando Clique Tipo: 2 (1=Curto, 2=Duplo, 3=Longo)
--- [DEBUG LOGICA] Digito registrado na posicao 1. Total: 2
--- [DEBUG BOTAO] Pressionado (Down)
--- [DEBUG BOTAO] Solto. Duracao: 1220 ms
>>> [DEBUG BOTAO] Detectado: LONGO
--- [DEBUG LOGICA] Processando Clique Tipo: 3 (1=Curto, 2=Duplo, 3=Longo)
--- [DEBUG LOGICA] Digito registrado na posicao 2. Total: 3
--- [DEBUG TIMEOUT] Fim da digitacao detectado (2.5s sem clique).
--- [DEBUG LOGICA] Finalizando Entrada. Modo Atual: 2
--- [DEBUG LOGICA] Salvando NOVA SENHA de tamanho 3.
--- [DEBUG LOGICA] Resetando buffers de entrada.
ets Jul 29 2019 12:21:46

rst:0x1 (POWERON_RESET),boot:0x13 (SPI_FAST_FLASH_BOOT)
configsip: 0, SPIWP:0xee
clk_drv:0x00,q_drv:0x00,d_drv:0x00,cs0_drv:0x00,hd_drv:0x00,wp_drv:0x00
mode:DIO, clock div:2
load:0x3fff0030,len:6380
ho 0 tail 12 room 4
load:0x40078000,len:15916
load:0x40080400,len:3860
entry 0x40080638
[0;32mI (29) boot: ESP-IDF v5.5.1 2nd stage bootloader[0m
[0;32mI (29) boot: compile time Nov 30 2025 01:29:46[0m
[0;32mI (29) boot: Multicore bootloader[0m
[0;32mI (31) boot: chip revision: v3.1[0m
[0;32mI (33) boot.esp32: SPI Speed      : 40MHz[0m
[0;32mI (37) boot.esp32: SPI Mode       : DIO[0m
[0;32mI (41) boot.esp32: SPI Flash Size : 4MB[0m
[0;32mI (44) boot: Enabling RNG early entropy source...[0m
[0;32mI (49) boot: Partition Table:[0m
[0;32mI (51) boot: ## Label            Usage          Type ST Offset   Length[0m
[0;32mI (58) boot:  0 nvs              WiFi data        01 02 00009000 00006000[0m
[0;32mI (64) boot:  1 phy_init         RF data          01 01 0000f000 00001000[0m
[0;32mI (71) boot:  2 factory          factory app      00 00 00010000 00100000[0m
[0;32mI (77) boot: End of partition table[0m
[0;32mI (81) esp_image: segment 0: paddr=00010020 vaddr=3f400020 size=0c404h ( 50180) map[0m
[0;32mI (105) esp_image: segment 1: paddr=0001c42c vaddr=3ffb0000 size=02480h (  9344) load[0m
[0;32mI (109) esp_image: segment 2: paddr=0001e8b4 vaddr=40080000 size=01764h (  5988) load[0m
[0;32mI (111) esp_image: segment 3: paddr=00020020 vaddr=400d0020 size=1837ch ( 99196) map[0m
[0;32mI (150) esp_image: segment 4: paddr=000383a4 vaddr=40081764 size=0d1b0h ( 53680) load[0m
[0;32mI (172) esp_image: segment 5: paddr=0004555c vaddr=50000000 size=00020h (    32) load[0m
[0;32mI (179) boot: Loaded app from partition at offset 0x10000[0m
[0;32mI (179) boot: Disabling RNG early entropy source...[0m
[0;32mI (190) cpu_start: Multicore app[0m
[0;32mI (198) cpu_start: Pro cpu start user code[0m
[0;32mI (198) cpu_start: cpu freq: 240000000 Hz[0m
[0;32mI (198) app_init: Application information:[0m
[0;32mI (198) app_init: Project name:     password_manager[0m
[0;32mI (203) app_init: App version:      4124696-dirty[0m
[0;32mI (207) app_init: Compile time:     Dec  1 2025 16:11:12[0m
[0;32mI (212) app_init: ELF file SHA256:  fab81042f...[0m
[0;32mI (217) app_init: ESP-IDF:          v5.5.1[0m
[0;32mI (221) efuse_init: Min chip rev:     v0.0[0m
[0;32mI (224) efuse_init: Max chip rev:     v3.99 [0m
[0;32mI (228) efuse_init: Chip rev:         v3.1[0m
[0;32mI (232) heap_init: Initializing. RAM available for dynamic allocation:[0m
[0;32mI (239) heap_init: At 3FFAE6E0 len 00001920 (6 KiB): DRAM[0m
[0;32mI (244) heap_init: At 3FFB2E50 len 0002D1B0 (180 KiB): DRAM[0m
[0;32mI (249) heap_init: At 3FFE0440 len 00003AE0 (14 KiB): D/IRAM[0m
[0;32mI (254) heap_init: At 3FFE4350 len 0001BCB0 (111 KiB): D/IRAM[0m
[0;32mI (260) heap_init: At 4008E914 len 000116EC (69 KiB): IRAM[0m
[0;33mW (266) spi_flash: Detected boya flash chip but using generic driver. For optimal functionality, enable `SPI_FLASH_SUPPORT_BOYA_CHIP` in menuconfig[0m
[0;32mI (278) spi_flash: detected chip: generic[0m
[0;32mI (282) spi_flash: flash io: dio[0m
[0;33mW (285) i2c: This driver is an old driver, please migrate your application code to adapt `driver/i2c_master.h`[0m
[0;32mI (295) main_task: Started on CPU0[0m
[0;32mI (305) main_task: Calling app_main()[0m


=== INICIANDO SISTEMA DE SENHA I2C/SERVO ===
--- [DEBUG GERAL] Sistema Iniciado. Aguardando input no Botao...
[0;32mI (305) main_task: Returned from app_main()[0m
