Command: C:\Users\arthu\.espressif\python_env\idf5.5_py3.11_env\Scripts\python.exe C:\Users\arthu\esp\v5.5.1\esp-idf\tools/idf_monitor.py -p COM3 -b 115200 --toolchain-prefix xtensa-esp32-elf- --target esp32 --revision 0 C:\Users\arthu\Documents\RTS-Project\password_manager\build\password_manager.elf C:\Users\arthu\Documents\RTS-Project\password_manager\build\bootloader\bootloader.elf --force-color -m 'C:\Users\arthu\.espressif\python_env\idf5.5_py3.11_env\Scripts\python.exe' 'C:\Users\arthu\esp\v5.5.1\esp-idf\tools\idf.py'
ets Jul 29 2019 12:21:46

rst:0x1 (POWERON_RESET),boot:0x13 (SPI_FAST_FLASH_BOOT)
configsip: 0, SPIWP:0xee
clk_drv:0x00,q_drv:0x00,d_drv:0x00,cs0_drv:0x00,hd_drv:0x00,wp_drv:0x00
moï¿½ets Jul 29 2019 12:21:46

rst:0x1 (POWERON_RESET),boot:0x13 (SPI_FAST_FLASH_BOOT)
configsip: 0, SPIWP:0xee
clk_drv:0x00,q_drv:0x00,d_drv:0x00,cs0_drv:0x00,hd_drv:0x00,wp_drv:0x00
mode:DIO, clock div:2
load:0x3fff0030,len:6380
ho 0 tail 12 room 4
load:0x40078000,len:15916
load:0x40080400,len:3860
entry 0x40080638
[0;32mI (29) boot: ESP-IDF v5.5.1 2nd stage bootloader[0m
[0;32mI (29) boot: compile time Nov 30 2025 01:29:46[0m
[0;32mI (29) boot: Multicore bootloader[0m
[0;32mI (31) boot: chip revision: v3.1[0m
[0;32mI (33) boot.esp32: SPI Speed      : 40MHz[0m
[0;32mI (37) boot.esp32: SPI Mode       : DIO[0m
[0;32mI (41) boot.esp32: SPI Flash Size : 4MB[0m
[0;32mI (44) boot: Enabling RNG early entropy source...[0m
[0;32mI (49) boot: Partition Table:[0m
[0;32mI (51) boot: ## Label            Usage          Type ST Offset   Length[0m
[0;32mI (58) boot:  0 nvs              WiFi data        01 02 00009000 00006000[0m
[0;32mI (64) boot:  1 phy_init         RF data          01 01 0000f000 00001000[0m
[0;32mI (71) boot:  2 factory          factory app      00 00 00010000 00100000[0m
[0;32mI (77) boot: End of partition table[0m
[0;32mI (81) esp_image: segment 0: paddr=00010020 vaddr=3f400020 size=0bf34h ( 48948) map[0m
[0;32mI (105) esp_image: segment 1: paddr=0001bf5c vaddr=3ffb0000 size=02480h (  9344) load[0m
[0;32mI (108) esp_image: segment 2: paddr=0001e3e4 vaddr=40080000 size=01c34h (  7220) load[0m
[0;32mI (112) esp_image: segment 3: paddr=00020020 vaddr=400d0020 size=1826ch ( 98924) map[0m
[0;32mI (150) esp_image: segment 4: paddr=00038294 vaddr=40081c34 size=0cce0h ( 52448) load[0m
[0;32mI (171) esp_image: segment 5: paddr=00044f7c vaddr=50000000 size=00020h (    32) load[0m
[0;32mI (178) boot: Loaded app from partition at offset 0x10000[0m
[0;32mI (178) boot: Disabling RNG early entropy source...[0m
[0;32mI (189) cpu_start: Multicore app[0m
[0;32mI (197) cpu_start: Pro cpu start user code[0m
[0;32mI (197) cpu_start: cpu freq: 240000000 Hz[0m
[0;32mI (197) app_init: Application information:[0m
[0;32mI (197) app_init: Project name:     password_manager[0m
[0;32mI (202) app_init: App version:      4124696-dirty[0m
[0;32mI (206) app_init: Compile time:     Dec  1 2025 16:11:12[0m
[0;32mI (211) app_init: ELF file SHA256:  b2e019f28...[0m
[0;32mI (216) app_init: ESP-IDF:          v5.5.1[0m
[0;32mI (220) efuse_init: Min chip rev:     v0.0[0m
[0;32mI (223) efuse_init: Max chip rev:     v3.99 [0m
[0;32mI (227) efuse_init: Chip rev:         v3.1[0m
[0;32mI (232) heap_init: Initializing. RAM available for dynamic allocation:[0m
[0;32mI (238) heap_init: At 3FFAE6E0 len 00001920 (6 KiB): DRAM[0m
[0;32mI (243) heap_init: At 3FFB2E50 len 0002D1B0 (180 KiB): DRAM[0m
[0;32mI (248) heap_init: At 3FFE0440 len 00003AE0 (14 KiB): D/IRAM[0m
[0;32mI (253) heap_init: At 3FFE4350 len 0001BCB0 (111 KiB): D/IRAM[0m
[0;32mI (259) heap_init: At 4008E914 len 000116EC (69 KiB): IRAM[0m
[0;33mW (265) spi_flash: Detected boya flash chip but using generic driver. For optimal functionality, enable `SPI_FLASH_SUPPORT_BOYA_CHIP` in menuconfig[0m
[0;32mI (277) spi_flash: detected chip: generic[0m
[0;32mI (281) spi_flash: flash io: dio[0m
[0;33mW (284) i2c: This driver is an old driver, please migrate your application code to adapt `driver/i2c_master.h`[0m
[0;32mI (294) main_task: Started on CPU0[0m
[0;32mI (304) main_task: Calling app_main()[0m
--- [DEBUG] Task Botao Iniciada. Aguardando cliques... ---
[0;32mI (304) main_task: Returned from app_main()[0m
--- [DEBUG] Botao PRESSIONADO (Fisico) ---
--- [DEBUG] Botao SOLTO. Duracao total: 109 ms ---
>>> [DEBUG] INTERPRETADO COMO: Clique CURTO. Acumulados: 1
>>> [DEBUG] PACOTE FECHADO: 1 clique(s) curto(s) detectado(s).
